["return",{"cursor":{"line":1,"col":0},"marker":false}]
["return",{"result":true}]
["return",{"cursor":{"line":1,"col":0},"marker":false}]
["return",{"cursor":{"line":5,"col":0},"marker":false}]
["return",{"cursor":{"line":5,"col":0},"marker":false}]
["return",[]]
