["return",{"cursor":{"line":1,"col":0},"marker":false}]
["return",{"cursor":{"line":1,"col":0},"marker":false}]
["return",{"cursor":{"line":2,"col":0},"marker":false}]
["return",{"cursor":{"line":2,"col":0},"marker":false}]
["return",{"cursor":{"line":3,"col":0},"marker":false}]
["return",{"cursor":{"line":4,"col":0},"marker":false}]
["return",{"cursor":{"line":5,"col":0},"marker":false}]
["return",{"cursor":{"line":5,"col":0},"marker":true}]
["return",{"cursor":{"line":5,"col":0},"marker":true}]
