["return",{"cursor":{"line":1,"col":0},"marker":false}]
["return",{"result":true}]
["return",{"result":true}]
["return",{"cursor":{"line":1,"col":0},"marker":false}]
["return",{"cursor":{"line":4,"col":0},"marker":false}]
["return",{"cursor":{"line":4,"col":0},"marker":false}]
["return",[{"type":"type","start":{"line":1,"col":-1},"end":{"line":3,"col":15},"valid":true,"message":"Error: This expression has type float but an expression was expected of type\n         unit"}]]
["return",{"entries":[{"name":"get","kind":"#","desc":"'_a -> unit -> unit","info":""}],"context":null}]
["return",{"cursor":{"line":2,"col":36},"marker":false}]
["return",{"cursor":{"line":4,"col":0},"marker":false}]
["return",{"cursor":{"line":4,"col":0},"marker":true}]
["return",{"cursor":{"line":4,"col":0},"marker":false}]
["return",{"cursor":{"line":4,"col":0},"marker":false}]
["return",{"entries":[{"name":"get","kind":"#","desc":"unit","info":""}],"context":null}]
