["return",{"cursor":{"line":1,"col":0},"marker":false}]
["return",{"result":true}]
["return",{"cursor":{"line":1,"col":0},"marker":false}]
["return",{"cursor":{"line":3,"col":0},"marker":false}]
["return",{"cursor":{"line":3,"col":0},"marker":false}]
["return",[{"type":"type","start":{"line":1,"col":5},"end":{"line":1,"col":14},"valid":true,"message":"Error: Unbound module Fieldslib"}]]
["return",[["File \"of_sexp_01.ml\", line 2, characters 5-13","type nonrec t = int"],["File \"of_sexp_01.ml\", line 2, characters 18-25","val t_of_sexp : Sexplib.Sexp.t -> t"]]]
