["return",{"cursor":{"line":1,"col":0},"marker":false}]
["return",{"result":true}]
["return",{"cursor":{"line":1,"col":0},"marker":false}]
["return",{"cursor":{"line":3,"col":0},"marker":false}]
["return",{"cursor":{"line":3,"col":0},"marker":false}]
["return",[]]
["return",[["File \"sexp_03.ml\", line 1, characters 5-13","type nonrec t = int"],["File \"sexp_03.ml\", line 1, characters 18-22","val sexp_of_t : t -> Sexplib.Sexp.t"],["File \"sexp_03.ml\", line 1, characters 18-22","val t_of_sexp : Sexplib.Sexp.t -> t"],["File \"sexp_03.ml\", line 2, characters 4-8","val test : t -> Sexplib.Sexp.t"]]]
