["return",{"cursor":{"line":1,"col":0},"marker":false}]
["return",{"cursor":{"line":1,"col":0},"marker":false}]
["return",{"cursor":{"line":5,"col":0},"marker":false}]
["return",{"cursor":{"line":5,"col":0},"marker":false}]
["return",{"entries":[{"name":"`A","kind":"Variant","desc":"`A","info":""},{"name":"`B","kind":"Variant","desc":"`B","info":""},{"name":"!","kind":"Value","desc":"'a ref -> 'a","info":""},{"name":"@@","kind":"Value","desc":"('a -> 'b) -> 'a -> 'b","info":""},{"name":"exit","kind":"Value","desc":"int -> 'a","info":""},{"name":"failwith","kind":"Value","desc":"string -> 'a","info":""},{"name":"fst","kind":"Value","desc":"'a * 'b -> 'a","info":""},{"name":"input_value","kind":"Value","desc":"in_channel -> 'a","info":""},{"name":"invalid_arg","kind":"Value","desc":"string -> 'a","info":""},{"name":"max","kind":"Value","desc":"'a -> 'a -> 'a","info":""},{"name":"min","kind":"Value","desc":"'a -> 'a -> 'a","info":""},{"name":"raise","kind":"Value","desc":"exn -> 'a","info":""},{"name":"raise_notrace","kind":"Value","desc":"exn -> 'a","info":""},{"name":"snd","kind":"Value","desc":"'a * 'b -> 'b","info":""},{"name":"|>","kind":"Value","desc":"'a -> ('a -> 'b) -> 'b","info":""},{"name":"f","kind":"Value","desc":"[< `A | `B ] -> unit","info":""},{"name":"!=","kind":"Value","desc":"'a -> 'a -> bool","info":""},{"name":"&","kind":"Value","desc":"bool -> bool -> bool","info":""},{"name":"&&","kind":"Value","desc":"bool -> bool -> bool","info":""},{"name":"()","kind":"Constructor","desc":"unit","info":""},{"name":"*","kind":"Value","desc":"int -> int -> int","info":""},{"name":"**","kind":"Value","desc":"float -> float -> float","info":""},{"name":"*.","kind":"Value","desc":"float -> float -> float","info":""},{"name":"+","kind":"Value","desc":"int -> int -> int","info":""},{"name":"+.","kind":"Value","desc":"float -> float -> float","info":""},{"name":"/","kind":"Value","desc":"int -> int -> int","info":""},{"name":"/.","kind":"Value","desc":"float -> float -> float","info":""},{"name":"::","kind":"Constructor","desc":"'a * 'a list -> 'a list","info":""},{"name":":=","kind":"Value","desc":"'a ref -> 'a -> unit","info":""},{"name":"<","kind":"Value","desc":"'a -> 'a -> bool","info":""},{"name":"<=","kind":"Value","desc":"'a -> 'a -> bool","info":""},{"name":"<>","kind":"Value","desc":"'a -> 'a -> bool","info":""},{"name":"=","kind":"Value","desc":"'a -> 'a -> bool","info":""},{"name":"==","kind":"Value","desc":"'a -> 'a -> bool","info":""},{"name":">","kind":"Value","desc":"'a -> 'a -> bool","info":""},{"name":">=","kind":"Value","desc":"'a -> 'a -> bool","info":""},{"name":"@","kind":"Value","desc":"'a list -> 'a list -> 'a list","info":""},{"name":"Assert_failure","kind":"Constructor","desc":"(string * int * int) -> exn","info":""},{"name":"Division_by_zero","kind":"Constructor","desc":"exn","info":""},{"name":"End_of_file","kind":"Constructor","desc":"exn","info":""},{"name":"Exit","kind":"Constructor","desc":"exn","info":""},{"name":"FP_infinite","kind":"Constructor","desc":"fpclass","info":""},{"name":"FP_nan","kind":"Constructor","desc":"fpclass","info":""},{"name":"FP_normal","kind":"Constructor","desc":"fpclass","info":""},{"name":"FP_subnormal","kind":"Constructor","desc":"fpclass","info":""},{"name":"FP_zero","kind":"Constructor","desc":"fpclass","info":""},{"name":"Failure","kind":"Constructor","desc":"string -> exn","info":""},{"name":"Invalid_argument","kind":"Constructor","desc":"string -> exn","info":""},{"name":"Match_failure","kind":"Constructor","desc":"(string * int * int) -> exn","info":""},{"name":"None","kind":"Constructor","desc":"'a option","info":""},{"name":"Not_found","kind":"Constructor","desc":"exn","info":""},{"name":"Open_append","kind":"Constructor","desc":"open_flag","info":""},{"name":"Open_binary","kind":"Constructor","desc":"open_flag","info":""},{"name":"Open_creat","kind":"Constructor","desc":"open_flag","info":""},{"name":"Open_excl","kind":"Constructor","desc":"open_flag","info":""},{"name":"Open_nonblock","kind":"Constructor","desc":"open_flag","info":""},{"name":"Open_rdonly","kind":"Constructor","desc":"open_flag","info":""},{"name":"Open_text","kind":"Constructor","desc":"open_flag","info":""},{"name":"Open_trunc","kind":"Constructor","desc":"open_flag","info":""},{"name":"Open_wronly","kind":"Constructor","desc":"open_flag","info":""},{"name":"Out_of_memory","kind":"Constructor","desc":"exn","info":""},{"name":"Some","kind":"Constructor","desc":"'a -> 'a option","info":""},{"name":"Stack_overflow","kind":"Constructor","desc":"exn","info":""},{"name":"Sys_blocked_io","kind":"Constructor","desc":"exn","info":""},{"name":"Sys_error","kind":"Constructor","desc":"string -> exn","info":""},{"name":"Undefined_recursive_module","kind":"Constructor","desc":"(string * int * int) -> exn","info":""},{"name":"[]","kind":"Constructor","desc":"'a list","info":""},{"name":"^","kind":"Value","desc":"string -> string -> string","info":""},{"name":"^^","kind":"Value","desc":"('a, 'b, 'c, 'd, 'e, 'f) format6 ->\n('f, 'b, 'c, 'e, 'g, 'h) format6 -> ('a, 'b, 'c, 'd, 'g, 'h) format6","info":""},{"name":"__FILE__","kind":"Value","desc":"string","info":""},{"name":"__LINE_OF__","kind":"Value","desc":"'a -> int * 'a","info":""},{"name":"__LINE__","kind":"Value","desc":"int","info":""},{"name":"__LOC_OF__","kind":"Value","desc":"'a -> string * 'a","info":""},{"name":"__LOC__","kind":"Value","desc":"string","info":""},{"name":"__MODULE__","kind":"Value","desc":"string","info":""},{"name":"__POS_OF__","kind":"Value","desc":"'a -> (string * int * int * int) * 'a","info":""},{"name":"__POS__","kind":"Value","desc":"string * int * int * int","info":""},{"name":"abs","kind":"Value","desc":"int -> int","info":""},{"name":"abs_float","kind":"Value","desc":"float -> float","info":""},{"name":"acos","kind":"Value","desc":"float -> float","info":""},{"name":"asin","kind":"Value","desc":"float -> float","info":""},{"name":"asr","kind":"Value","desc":"int -> int -> int","info":""},{"name":"at_exit","kind":"Value","desc":"(unit -> unit) -> unit","info":""},{"name":"atan","kind":"Value","desc":"float -> float","info":""},{"name":"atan2","kind":"Value","desc":"float -> float -> float","info":""},{"name":"bool_of_string","kind":"Value","desc":"string -> bool","info":""},{"name":"ceil","kind":"Value","desc":"float -> float","info":""},{"name":"char_of_int","kind":"Value","desc":"int -> char","info":""},{"name":"classify_float","kind":"Value","desc":"float -> fpclass","info":""},{"name":"close_in","kind":"Value","desc":"in_channel -> unit","info":""},{"name":"close_in_noerr","kind":"Value","desc":"in_channel -> unit","info":""},{"name":"close_out","kind":"Value","desc":"out_channel -> unit","info":""},{"name":"close_out_noerr","kind":"Value","desc":"out_channel -> unit","info":""},{"name":"compare","kind":"Value","desc":"'a -> 'a -> int","info":""},{"name":"copysign","kind":"Value","desc":"float -> float -> float","info":""},{"name":"cos","kind":"Value","desc":"float -> float","info":""},{"name":"cosh","kind":"Value","desc":"float -> float","info":""},{"name":"decr","kind":"Value","desc":"int ref -> unit","info":""},{"name":"do_at_exit","kind":"Value","desc":"unit -> unit","info":""},{"name":"epsilon_float","kind":"Value","desc":"float","info":""},{"name":"exp","kind":"Value","desc":"float -> float","info":""},{"name":"expm1","kind":"Value","desc":"float -> float","info":""},{"name":"false","kind":"Constructor","desc":"bool","info":""},{"name":"float","kind":"Value","desc":"int -> float","info":""},{"name":"float_of_int","kind":"Value","desc":"int -> float","info":""},{"name":"float_of_string","kind":"Value","desc":"string -> float","info":""},{"name":"floor","kind":"Value","desc":"float -> float","info":""},{"name":"flush","kind":"Value","desc":"out_channel -> unit","info":""},{"name":"flush_all","kind":"Value","desc":"unit -> unit","info":""},{"name":"format_of_string","kind":"Value","desc":"('a, 'b, 'c, 'd, 'e, 'f) format6 -> ('a, 'b, 'c, 'd, 'e, 'f) format6","info":""},{"name":"frexp","kind":"Value","desc":"float -> float * int","info":""},{"name":"hypot","kind":"Value","desc":"float -> float -> float","info":""},{"name":"ignore","kind":"Value","desc":"'a -> unit","info":""},{"name":"in_channel_length","kind":"Value","desc":"in_channel -> int","info":""},{"name":"incr","kind":"Value","desc":"int ref -> unit","info":""},{"name":"infinity","kind":"Value","desc":"float","info":""},{"name":"input","kind":"Value","desc":"in_channel -> bytes -> int -> int -> int","info":""},{"name":"input_binary_int","kind":"Value","desc":"in_channel -> int","info":""},{"name":"input_byte","kind":"Value","desc":"in_channel -> int","info":""},{"name":"input_char","kind":"Value","desc":"in_channel -> char","info":""},{"name":"input_line","kind":"Value","desc":"in_channel -> string","info":""},{"name":"int_of_char","kind":"Value","desc":"char -> int","info":""},{"name":"int_of_float","kind":"Value","desc":"float -> int","info":""},{"name":"int_of_string","kind":"Value","desc":"string -> int","info":""},{"name":"land","kind":"Value","desc":"int -> int -> int","info":""},{"name":"ldexp","kind":"Value","desc":"float -> int -> float","info":""},{"name":"lnot","kind":"Value","desc":"int -> int","info":""},{"name":"log","kind":"Value","desc":"float -> float","info":""},{"name":"log10","kind":"Value","desc":"float -> float","info":""},{"name":"log1p","kind":"Value","desc":"float -> float","info":""},{"name":"lor","kind":"Value","desc":"int -> int -> int","info":""},{"name":"lsl","kind":"Value","desc":"int -> int -> int","info":""},{"name":"lsr","kind":"Value","desc":"int -> int -> int","info":""},{"name":"lxor","kind":"Value","desc":"int -> int -> int","info":""},{"name":"max_float","kind":"Value","desc":"float","info":""},{"name":"max_int","kind":"Value","desc":"int","info":""},{"name":"min_float","kind":"Value","desc":"float","info":""},{"name":"min_int","kind":"Value","desc":"int","info":""},{"name":"mod","kind":"Value","desc":"int -> int -> int","info":""},{"name":"mod_float","kind":"Value","desc":"float -> float -> float","info":""},{"name":"modf","kind":"Value","desc":"float -> float * float","info":""},{"name":"nan","kind":"Value","desc":"float","info":""},{"name":"neg_infinity","kind":"Value","desc":"float","info":""},{"name":"not","kind":"Value","desc":"bool -> bool","info":""},{"name":"open_in","kind":"Value","desc":"string -> in_channel","info":""},{"name":"open_in_bin","kind":"Value","desc":"string -> in_channel","info":""},{"name":"open_in_gen","kind":"Value","desc":"open_flag list -> int -> string -> in_channel","info":""},{"name":"open_out","kind":"Value","desc":"string -> out_channel","info":""},{"name":"open_out_bin","kind":"Value","desc":"string -> out_channel","info":""},{"name":"open_out_gen","kind":"Value","desc":"open_flag list -> int -> string -> out_channel","info":""},{"name":"or","kind":"Value","desc":"bool -> bool -> bool","info":""},{"name":"out_channel_length","kind":"Value","desc":"out_channel -> int","info":""},{"name":"output","kind":"Value","desc":"out_channel -> bytes -> int -> int -> unit","info":""},{"name":"output_binary_int","kind":"Value","desc":"out_channel -> int -> unit","info":""},{"name":"output_byte","kind":"Value","desc":"out_channel -> int -> unit","info":""},{"name":"output_bytes","kind":"Value","desc":"out_channel -> bytes -> unit","info":""},{"name":"output_char","kind":"Value","desc":"out_channel -> char -> unit","info":""},{"name":"output_string","kind":"Value","desc":"out_channel -> string -> unit","info":""},{"name":"output_substring","kind":"Value","desc":"out_channel -> string -> int -> int -> unit","info":""},{"name":"output_value","kind":"Value","desc":"out_channel -> 'a -> unit","info":""},{"name":"pos_in","kind":"Value","desc":"in_channel -> int","info":""},{"name":"pos_out","kind":"Value","desc":"out_channel -> int","info":""},{"name":"pred","kind":"Value","desc":"int -> int","info":""},{"name":"prerr_bytes","kind":"Value","desc":"bytes -> unit","info":""},{"name":"prerr_char","kind":"Value","desc":"char -> unit","info":""},{"name":"prerr_endline","kind":"Value","desc":"string -> unit","info":""},{"name":"prerr_float","kind":"Value","desc":"float -> unit","info":""},{"name":"prerr_int","kind":"Value","desc":"int -> unit","info":""},{"name":"prerr_newline","kind":"Value","desc":"unit -> unit","info":""},{"name":"prerr_string","kind":"Value","desc":"string -> unit","info":""},{"name":"print_bytes","kind":"Value","desc":"bytes -> unit","info":""},{"name":"print_char","kind":"Value","desc":"char -> unit","info":""},{"name":"print_endline","kind":"Value","desc":"string -> unit","info":""},{"name":"print_float","kind":"Value","desc":"float -> unit","info":""},{"name":"print_int","kind":"Value","desc":"int -> unit","info":""},{"name":"print_newline","kind":"Value","desc":"unit -> unit","info":""},{"name":"print_string","kind":"Value","desc":"string -> unit","info":""},{"name":"read_float","kind":"Value","desc":"unit -> float","info":""},{"name":"read_int","kind":"Value","desc":"unit -> int","info":""},{"name":"read_line","kind":"Value","desc":"unit -> string","info":""},{"name":"really_input","kind":"Value","desc":"in_channel -> bytes -> int -> int -> unit","info":""},{"name":"really_input_string","kind":"Value","desc":"in_channel -> int -> string","info":""},{"name":"ref","kind":"Value","desc":"'a -> 'a ref","info":""},{"name":"seek_in","kind":"Value","desc":"in_channel -> int -> unit","info":""},{"name":"seek_out","kind":"Value","desc":"out_channel -> int -> unit","info":""},{"name":"set_binary_mode_in","kind":"Value","desc":"in_channel -> bool -> unit","info":""},{"name":"set_binary_mode_out","kind":"Value","desc":"out_channel -> bool -> unit","info":""},{"name":"sin","kind":"Value","desc":"float -> float","info":""},{"name":"sinh","kind":"Value","desc":"float -> float","info":""},{"name":"sqrt","kind":"Value","desc":"float -> float","info":""},{"name":"stderr","kind":"Value","desc":"out_channel","info":""},{"name":"stdin","kind":"Value","desc":"in_channel","info":""},{"name":"stdout","kind":"Value","desc":"out_channel","info":""},{"name":"string_of_bool","kind":"Value","desc":"bool -> string","info":""},{"name":"string_of_float","kind":"Value","desc":"float -> string","info":""},{"name":"string_of_format","kind":"Value","desc":"('a, 'b, 'c, 'd, 'e, 'f) format6 -> string","info":""},{"name":"string_of_int","kind":"Value","desc":"int -> string","info":""},{"name":"succ","kind":"Value","desc":"int -> int","info":""},{"name":"tan","kind":"Value","desc":"float -> float","info":""},{"name":"tanh","kind":"Value","desc":"float -> float","info":""},{"name":"true","kind":"Constructor","desc":"bool","info":""},{"name":"truncate","kind":"Value","desc":"float -> int","info":""},{"name":"unsafe_really_input","kind":"Value","desc":"in_channel -> bytes -> int -> int -> unit","info":""},{"name":"valid_float_lexem","kind":"Value","desc":"string -> string","info":""},{"name":"||","kind":"Value","desc":"bool -> bool -> bool","info":""},{"name":"~+","kind":"Value","desc":"int -> int","info":""},{"name":"~+.","kind":"Value","desc":"float -> float","info":""},{"name":"code","kind":"Type","desc":"type +'a code","info":""},{"name":"bytes","kind":"Type","desc":"type bytes = string","info":""},{"name":"lazy_t","kind":"Type","desc":"type +'a lazy_t","info":""},{"name":"int64","kind":"Type","desc":"type int64","info":""},{"name":"int32","kind":"Type","desc":"type int32","info":""},{"name":"nativeint","kind":"Type","desc":"type nativeint","info":""},{"name":"option","kind":"Type","desc":"type 'a option = None | Some of 'a","info":""},{"name":"list","kind":"Type","desc":"type 'a list = [] | :: of 'a * 'a list","info":""},{"name":"array","kind":"Type","desc":"type 'a array","info":""},{"name":"exn","kind":"Type","desc":"type exn = ..","info":""},{"name":"unit","kind":"Type","desc":"type unit = ()","info":""},{"name":"bool","kind":"Type","desc":"type bool = false | true","info":""},{"name":"float","kind":"Type","desc":"type float","info":""},{"name":"string","kind":"Type","desc":"type string","info":""},{"name":"char","kind":"Type","desc":"type char","info":""},{"name":"int","kind":"Type","desc":"type int","info":""},{"name":"format","kind":"Type","desc":"type ('a, 'b, 'c) format = ('a, 'b, 'c, 'c) format4","info":""},{"name":"format4","kind":"Type","desc":"type ('a, 'b, 'c, 'd) format4 = ('a, 'b, 'c, 'c, 'c, 'd) format6","info":""},{"name":"format6","kind":"Type","desc":"type ('a, 'b, 'c, 'd, 'e, 'f) format6 =\n    ('a, 'b, 'c, 'd, 'e, 'f) CamlinternalFormatBasics.format6","info":""},{"name":"fpclass","kind":"Type","desc":"type fpclass = FP_normal | FP_subnormal | FP_zero | FP_infinite | FP_nan","info":""},{"name":"in_channel","kind":"Type","desc":"type in_channel","info":""},{"name":"open_flag","kind":"Type","desc":"type open_flag =\n    Open_rdonly\n  | Open_wronly\n  | Open_append\n  | Open_creat\n  | Open_trunc\n  | Open_excl\n  | Open_binary\n  | Open_text\n  | Open_nonblock","info":""},{"name":"out_channel","kind":"Type","desc":"type out_channel","info":""},{"name":"ref","kind":"Type","desc":"type 'a ref = { mutable contents : 'a; }","info":""},{"name":"sexp_option","kind":"Type","desc":"type 'a sexp_option = 'a option","info":""},{"name":"CamlinternalFormatBasics","kind":"Module","desc":"","info":""},{"name":"LargeFile","kind":"Module","desc":"","info":""},{"name":"Pervasives","kind":"Module","desc":"","info":""},{"name":"Scanf","kind":"Module","desc":"","info":""},{"name":"Std_exit","kind":"Module","desc":"","info":""},{"name":"String","kind":"Module","desc":"","info":""},{"name":"Queue","kind":"Module","desc":"","info":""},{"name":"Genlex","kind":"Module","desc":"","info":""},{"name":"Big_int","kind":"Module","desc":"","info":""},{"name":"Gc","kind":"Module","desc":"","info":""},{"name":"Lexing","kind":"Module","desc":"","info":""},{"name":"Marshal","kind":"Module","desc":"","info":""},{"name":"Stream","kind":"Module","desc":"","info":""},{"name":"Parsing","kind":"Module","desc":"","info":""},{"name":"Array","kind":"Module","desc":"","info":""},{"name":"Bigarray","kind":"Module","desc":"","info":""},{"name":"CamlinternalMod","kind":"Module","desc":"","info":""},{"name":"Callback","kind":"Module","desc":"","info":""},{"name":"Oo","kind":"Module","desc":"","info":""},{"name":"Char","kind":"Module","desc":"","info":""},{"name":"Sys","kind":"Module","desc":"","info":""},{"name":"Graphics","kind":"Module","desc":"","info":""},{"name":"ArrayLabels","kind":"Module","desc":"","info":""},{"name":"StdLabels","kind":"Module","desc":"","info":""},{"name":"Complex","kind":"Module","desc":"","info":""},{"name":"Nat","kind":"Module","desc":"","info":""},{"name":"Printf","kind":"Module","desc":"","info":""},{"name":"ListLabels","kind":"Module","desc":"","info":""},{"name":"Unix","kind":"Module","desc":"","info":""},{"name":"StringLabels","kind":"Module","desc":"","info":""},{"name":"Printexc","kind":"Module","desc":"","info":""},{"name":"Format","kind":"Module","desc":"","info":""},{"name":"Sort","kind":"Module","desc":"","info":""},{"name":"CamlinternalLazy","kind":"Module","desc":"","info":""},{"name":"Num","kind":"Module","desc":"","info":""},{"name":"Int64","kind":"Module","desc":"","info":""},{"name":"Profiling","kind":"Module","desc":"","info":""},{"name":"Lazy","kind":"Module","desc":"","info":""},{"name":"Nativeint","kind":"Module","desc":"","info":""},{"name":"Str","kind":"Module","desc":"","info":""},{"name":"Filename","kind":"Module","desc":"","info":""},{"name":"Ratio","kind":"Module","desc":"","info":""},{"name":"CamlinternalOO","kind":"Module","desc":"","info":""},{"name":"Obj","kind":"Module","desc":"","info":""},{"name":"CamlinternalFormat","kind":"Module","desc":"","info":""},{"name":"GraphicsX11","kind":"Module","desc":"","info":""},{"name":"Weak","kind":"Module","desc":"","info":""},{"name":"Hashtbl","kind":"Module","desc":"","info":""},{"name":"List","kind":"Module","desc":"","info":""},{"name":"Bytes","kind":"Module","desc":"","info":""},{"name":"Arg","kind":"Module","desc":"","info":""},{"name":"Set","kind":"Module","desc":"","info":""},{"name":"Topdirs","kind":"Module","desc":"","info":""},{"name":"Digest","kind":"Module","desc":"","info":""},{"name":"Buffer","kind":"Module","desc":"","info":""},{"name":"UnixLabels","kind":"Module","desc":"","info":""},{"name":"Arith_status","kind":"Module","desc":"","info":""},{"name":"Stack","kind":"Module","desc":"","info":""},{"name":"Random","kind":"Module","desc":"","info":""},{"name":"Int32","kind":"Module","desc":"","info":""},{"name":"Map","kind":"Module","desc":"","info":""},{"name":"BytesLabels","kind":"Module","desc":"","info":""},{"name":"MoreLabels","kind":"Module","desc":"","info":""},{"name":"Dynlink","kind":"Module","desc":"","info":""},{"name":"Yojson_biniou","kind":"Module","desc":"","info":""},{"name":"Yojson","kind":"Module","desc":"","info":""},{"name":"Bi_stream","kind":"Module","desc":"","info":""},{"name":"Bi_share","kind":"Module","desc":"","info":""},{"name":"Bi_vint","kind":"Module","desc":"","info":""},{"name":"Bi_io","kind":"Module","desc":"","info":""},{"name":"Bi_inbuf","kind":"Module","desc":"","info":""},{"name":"Bi_dump","kind":"Module","desc":"","info":""},{"name":"Bi_util","kind":"Module","desc":"","info":""},{"name":"Bi_outbuf","kind":"Module","desc":"","info":""},{"name":"Easy_format","kind":"Module","desc":"","info":""},{"name":"Fl_metascanner","kind":"Module","desc":"","info":""},{"name":"Fl_package_base","kind":"Module","desc":"","info":""},{"name":"Findlib","kind":"Module","desc":"","info":""},{"name":"Topfind","kind":"Module","desc":"","info":""},{"name":"Fl_metatoken","kind":"Module","desc":"","info":""},{"name":"Misc","kind":"Module","desc":"","info":""},{"name":"Logger","kind":"Module","desc":"","info":""},{"name":"Terminfo","kind":"Module","desc":"","info":""},{"name":"Std","kind":"Module","desc":"","info":""},{"name":"Ppxsetup","kind":"Module","desc":"","info":""},{"name":"History","kind":"Module","desc":"","info":""},{"name":"Mymap","kind":"Module","desc":"","info":""},{"name":"MenhirUtils","kind":"Module","desc":"","info":""},{"name":"File_cache","kind":"Module","desc":"","info":""},{"name":"MenhirLib","kind":"Module","desc":"","info":""},{"name":"Cmi_cache","kind":"Module","desc":"","info":""},{"name":"Tbl","kind":"Module","desc":"","info":""},{"name":"Error_report","kind":"Module","desc":"","info":""},{"name":"Parsing_aux","kind":"Module","desc":"","info":""},{"name":"Cmt_cache","kind":"Module","desc":"","info":""},{"name":"Clflags","kind":"Module","desc":"","info":""},{"name":"Typing_aux","kind":"Module","desc":"","info":""},{"name":"Untypeast","kind":"Module","desc":"","info":""},{"name":"Consistbl","kind":"Module","desc":"","info":""},{"name":"Pparse","kind":"Module","desc":"","info":""},{"name":"Warnings","kind":"Module","desc":"","info":""},{"name":"Config","kind":"Module","desc":"","info":""},{"name":"Tast_mapper","kind":"Module","desc":"","info":""},{"name":"Includecore","kind":"Module","desc":"","info":""},{"name":"Stypes","kind":"Module","desc":"","info":""},{"name":"Printtyp","kind":"Module","desc":"","info":""},{"name":"Typecore","kind":"Module","desc":"","info":""},{"name":"Env","kind":"Module","desc":"","info":""},{"name":"Btype","kind":"Module","desc":"","info":""},{"name":"Typeclass","kind":"Module","desc":"","info":""},{"name":"Typetexp","kind":"Module","desc":"","info":""},{"name":"Cmt_format","kind":"Module","desc":"","info":""},{"name":"Ident","kind":"Module","desc":"","info":""},{"name":"Subst","kind":"Module","desc":"","info":""},{"name":"Oprint","kind":"Module","desc":"","info":""},{"name":"Typedecl","kind":"Module","desc":"","info":""},{"name":"Printtyped","kind":"Module","desc":"","info":""},{"name":"Typemod","kind":"Module","desc":"","info":""},{"name":"Mtype","kind":"Module","desc":"","info":""},{"name":"Includeclass","kind":"Module","desc":"","info":""},{"name":"Ctype","kind":"Module","desc":"","info":""},{"name":"Primitive","kind":"Module","desc":"","info":""},{"name":"Includemod","kind":"Module","desc":"","info":""},{"name":"Datarepr","kind":"Module","desc":"","info":""},{"name":"Annot","kind":"Module","desc":"","info":""},{"name":"TypedtreeMap","kind":"Module","desc":"","info":""},{"name":"Cmi_format","kind":"Module","desc":"","info":""},{"name":"Predef","kind":"Module","desc":"","info":""},{"name":"Outcometree","kind":"Module","desc":"","info":""},{"name":"Typedtree","kind":"Module","desc":"","info":""},{"name":"Types","kind":"Module","desc":"","info":""},{"name":"Parmatch","kind":"Module","desc":"","info":""},{"name":"Path","kind":"Module","desc":"","info":""},{"name":"Docstrings","kind":"Module","desc":"","info":""},{"name":"Asttypes","kind":"Module","desc":"","info":""},{"name":"Printast","kind":"Module","desc":"","info":""},{"name":"Ast_mapper","kind":"Module","desc":"","info":""},{"name":"Parsetree","kind":"Module","desc":"","info":""},{"name":"Pprintast","kind":"Module","desc":"","info":""},{"name":"Ast_helper","kind":"Module","desc":"","info":""},{"name":"Longident","kind":"Module","desc":"","info":""},{"name":"Syntaxerr","kind":"Module","desc":"","info":""},{"name":"Location","kind":"Module","desc":"","info":""},{"name":"Raw_parser","kind":"Module","desc":"","info":""},{"name":"Raw_typer","kind":"Module","desc":"","info":""},{"name":"Tail_analysis","kind":"Module","desc":"","info":""},{"name":"Raw_parser_values","kind":"Module","desc":"","info":""},{"name":"Raw_compat","kind":"Module","desc":"","info":""},{"name":"Tast_helper","kind":"Module","desc":"","info":""},{"name":"Browse_node","kind":"Module","desc":"","info":""},{"name":"Merlin_parser","kind":"Module","desc":"","info":""},{"name":"Merlin_recovery_explain","kind":"Module","desc":"","info":""},{"name":"Fake","kind":"Module","desc":"","info":""},{"name":"Merlin_lib","kind":"Module","desc":"","info":""},{"name":"Merlin_recover","kind":"Module","desc":"","info":""},{"name":"Merlin_typer","kind":"Module","desc":"","info":""},{"name":"Merlin_browse","kind":"Module","desc":"","info":""},{"name":"Merlin_recovery_strategy","kind":"Module","desc":"","info":""},{"name":"Raw_lexer","kind":"Module","desc":"","info":""},{"name":"Dot_merlin","kind":"Module","desc":"","info":""},{"name":"Error_classifier","kind":"Module","desc":"","info":""},{"name":"Merlin_lexer","kind":"Module","desc":"","info":""},{"name":"Extension","kind":"Module","desc":"","info":""},{"name":"Merlin_buffer","kind":"Module","desc":"","info":""},{"name":"Merlin_project","kind":"Module","desc":"","info":""},{"name":"Merlin_source","kind":"Module","desc":"","info":""},{"name":"Protocol","kind":"Module","desc":"","info":""},{"name":"IO","kind":"Module","desc":"","info":""},{"name":"Ocamlmerlin","kind":"Module","desc":"","info":""},{"name":"IO_sexp","kind":"Module","desc":"","info":""},{"name":"Main_args","kind":"Module","desc":"","info":""},{"name":"Command","kind":"Module","desc":"","info":""},{"name":"My_config","kind":"Module","desc":"","info":""},{"name":"Jump","kind":"Module","desc":"","info":""},{"name":"Destruct","kind":"Module","desc":"","info":""},{"name":"Outline","kind":"Module","desc":"","info":""},{"name":"Completion","kind":"Module","desc":"","info":""},{"name":"Typedtrie","kind":"Module","desc":"","info":""},{"name":"Type_utils","kind":"Module","desc":"","info":""},{"name":"Browse_misc","kind":"Module","desc":"","info":""},{"name":"Ocamldoc","kind":"Module","desc":"","info":""},{"name":"BrowseT","kind":"Module","desc":"","info":""},{"name":"Track_definition","kind":"Module","desc":"","info":""},{"name":"Expansion","kind":"Module","desc":"","info":""}],"context":["application",{"argument_type":"_[< `A | `B ]","labels":[]}]}]
