["return",{"cursor":{"line":1,"col":0},"marker":false}]
["return",{"result":true}]
["return",{"cursor":{"line":1,"col":0},"marker":false}]
["return",{"cursor":{"line":4,"col":0},"marker":false}]
["return",{"cursor":{"line":4,"col":0},"marker":false}]
["return",[]]
["return",[["File \"sexp_01.ml\", line 2, characters 7-24","module Test_sexp :\n  sig\n    type t = int\n    val sexp_of_t : t -> Sexplib.Sexp.t\n    val t_of_sexp : Sexplib.Sexp.t -> t\n  end"]]]
