NODE "A" MATCHES.
NODE "B" MATCHES.
NODE "Z" DOES NOT MATCH.
NODE "Y" DOES NOT MATCH.
NODE "X" DOES NOT MATCH.
NODE "W" DOES NOT MATCH.
