NODE "A" MATCHES.
NODE "B" MATCHES.
NODE "C" MATCHES.
NODE "D" MATCHES.
NODE "Z" DOES NOT MATCH.
NODE "Y" DOES NOT MATCH.
NODE "X" DOES NOT MATCH.
